// Jest Snapshot v1, https://goo.gl/fbAQLP

exports[`Pruebas al componente GifGrid debe mostrar el contenido del componente 1`] = `
<Fragment>
  <p
    className="animate__animated animate__flash"
  >
    Loading...
  </p>
  <h3>
    anyone
  </h3>
  <div
    className="card-grid"
  />
</Fragment>
`;
