// Jest Snapshot v1, https://goo.gl/fbAQLP

exports[`pruebas en GifGridItem debe de mostrar el componente correctamente 1`] = `
<div
  className="card animate__animated animate__bounceIn"
>
  <img
    alt="un título"
    src="https://url.com.co"
  />
  <p>
    un título
  </p>
</div>
`;
